// Jest Snapshot v1, https://goo.gl/fbAQLP

exports[`EnvCustomDomainsOps readCustomDomains() 1: Read custom domains - success 1`] = `
{
  "domains": [
    "frodo.mytestrun.com",
    "frodo.mytest.run",
  ],
}
`;

exports[`EnvCustomDomainsOps updateCustomDomains() 1: Update custom domains - success 1`] = `
{
  "domains": [
    "frodo.mytestrun.com",
    "frodo.mytest.run",
  ],
}
`;

exports[`EnvCustomDomainsOps verifyCNAME() 1: Verify CNAME for custom domain frodo.doesnotexist.com - failure 1`] = `false`;

exports[`EnvCustomDomainsOps verifyCNAME() 1: Verify CNAME for custom domain frodo.mytest.run - success 1`] = `true`;

exports[`EnvCustomDomainsOps verifyCNAME() 1: Verify CNAME for custom domain frodo.mytestrun.com - success 1`] = `true`;
