// Jest Snapshot v1, https://goo.gl/fbAQLP

exports[`EnvSSOCookieConfigOps readSSOCookieConfig() 1: Read SSO Cookie Config - success 1`] = `
{
  "name": "myCustomTestCookieName",
}
`;

exports[`EnvSSOCookieConfigOps resetSSOCookieConfig() 1: Reset custom SSO cookie config - success 1`] = `
{
  "name": "6ac6499e9da2071",
}
`;

exports[`EnvSSOCookieConfigOps updateSSOCookieConfig() 1: Update custom SSO cookie config - success 1`] = `
{
  "name": "myCustomTestCookieName",
}
`;
